// Vitest Snapshot v1, https://vitest.dev/guide/snapshot.html

exports[`LoadUI Component > matches snapshot 1`] = `
<div>
  <div
    class="loader"
  >
    <span
      class="MuiCircularProgress-root MuiCircularProgress-indeterminate MuiCircularProgress-colorPrimary css-1wxecgq-MuiCircularProgress-root"
      role="progressbar"
      style="width: 3rem; height: 3rem;"
    >
      <svg
        class="MuiCircularProgress-svg css-54pwck-MuiCircularProgress-svg"
        viewBox="22 22 44 44"
      >
        <circle
          class="MuiCircularProgress-circle MuiCircularProgress-circleIndeterminate css-19t5dcl-MuiCircularProgress-circle"
          cx="44"
          cy="44"
          fill="none"
          r="20.2"
          stroke-width="3.6"
        />
      </svg>
    </span>
  </div>
</div>
`;
